
== yelp: N=45954 F=32 edges=3846979 labeled=45954 fraud=6677 (14.5%) evalable=45954
  r=0.05 seed0 a   lightgbm  AUPRC 0.6099 nfeat 32
  r=0.05 seed0 a   xgboost   AUPRC 0.6022 nfeat 32
  r=0.05 seed0 aL  lightgbm  AUPRC 0.6073 nfeat 36
  r=0.05 seed0 aL  xgboost   AUPRC 0.5888 nfeat 36
  r=0.05 seed0 b0  lightgbm  AUPRC 0.7005 nfeat 132
  r=0.05 seed0 b0  xgboost   AUPRC 0.6869 nfeat 132
  r=0.05 seed0 b   lightgbm  AUPRC 0.7024 nfeat 136
  r=0.05 seed0 b   xgboost   AUPRC 0.6837 nfeat 136
  r=0.05 seed1 a   lightgbm  AUPRC 0.6046 nfeat 32
  r=0.05 seed1 a   xgboost   AUPRC 0.5945 nfeat 32
  r=0.05 seed1 aL  lightgbm  AUPRC 0.6023 nfeat 36
  r=0.05 seed1 aL  xgboost   AUPRC 0.5768 nfeat 36
  r=0.05 seed1 b0  lightgbm  AUPRC 0.6955 nfeat 132
  r=0.05 seed1 b0  xgboost   AUPRC 0.6929 nfeat 132
  r=0.05 seed1 b   lightgbm  AUPRC 0.6882 nfeat 136
  r=0.05 seed1 b   xgboost   AUPRC 0.6788 nfeat 136
  r=0.05 seed2 a   lightgbm  AUPRC 0.6325 nfeat 32
  r=0.05 seed2 a   xgboost   AUPRC 0.6403 nfeat 32
  r=0.05 seed2 aL  lightgbm  AUPRC 0.6240 nfeat 36
  r=0.05 seed2 aL  xgboost   AUPRC 0.6202 nfeat 36
  r=0.05 seed2 b0  lightgbm  AUPRC 0.7428 nfeat 132
  r=0.05 seed2 b0  xgboost   AUPRC 0.7304 nfeat 132
  r=0.05 seed2 b   lightgbm  AUPRC 0.7390 nfeat 136
  r=0.05 seed2 b   xgboost   AUPRC 0.7185 nfeat 136
  r=0.05 seed3 a   lightgbm  AUPRC 0.6343 nfeat 32
  r=0.05 seed3 a   xgboost   AUPRC 0.6176 nfeat 32
  r=0.05 seed3 aL  lightgbm  AUPRC 0.6424 nfeat 36
  r=0.05 seed3 aL  xgboost   AUPRC 0.6096 nfeat 36
  r=0.05 seed3 b0  lightgbm  AUPRC 0.7162 nfeat 132
  r=0.05 seed3 b0  xgboost   AUPRC 0.7113 nfeat 132
  r=0.05 seed3 b   lightgbm  AUPRC 0.7152 nfeat 136
  r=0.05 seed3 b   xgboost   AUPRC 0.7085 nfeat 136
  r=0.05 seed4 a   lightgbm  AUPRC 0.5946 nfeat 32
  r=0.05 seed4 a   xgboost   AUPRC 0.5996 nfeat 32
  r=0.05 seed4 aL  lightgbm  AUPRC 0.5788 nfeat 36
  r=0.05 seed4 aL  xgboost   AUPRC 0.5882 nfeat 36
  r=0.05 seed4 b0  lightgbm  AUPRC 0.6751 nfeat 132
  r=0.05 seed4 b0  xgboost   AUPRC 0.6744 nfeat 132
  r=0.05 seed4 b   lightgbm  AUPRC 0.6650 nfeat 136
  r=0.05 seed4 b   xgboost   AUPRC 0.6792 nfeat 136
  r=0.1 seed0 a   lightgbm  AUPRC 0.7006 nfeat 32
  r=0.1 seed0 a   xgboost   AUPRC 0.6905 nfeat 32
  r=0.1 seed0 aL  lightgbm  AUPRC 0.7070 nfeat 36
  r=0.1 seed0 aL  xgboost   AUPRC 0.6827 nfeat 36
  r=0.1 seed0 b0  lightgbm  AUPRC 0.7790 nfeat 132
  r=0.1 seed0 b0  xgboost   AUPRC 0.7747 nfeat 132
  r=0.1 seed0 b   lightgbm  AUPRC 0.7757 nfeat 136
  r=0.1 seed0 b   xgboost   AUPRC 0.7705 nfeat 136
  r=0.1 seed1 a   lightgbm  AUPRC 0.6928 nfeat 32
  r=0.1 seed1 a   xgboost   AUPRC 0.6799 nfeat 32
  r=0.1 seed1 aL  lightgbm  AUPRC 0.6943 nfeat 36
  r=0.1 seed1 aL  xgboost   AUPRC 0.6697 nfeat 36
  r=0.1 seed1 b0  lightgbm  AUPRC 0.7716 nfeat 132
  r=0.1 seed1 b0  xgboost   AUPRC 0.7672 nfeat 132
  r=0.1 seed1 b   lightgbm  AUPRC 0.7673 nfeat 136
  r=0.1 seed1 b   xgboost   AUPRC 0.7609 nfeat 136
  r=0.1 seed2 a   lightgbm  AUPRC 0.7219 nfeat 32
  r=0.1 seed2 a   xgboost   AUPRC 0.6851 nfeat 32
  r=0.1 seed2 aL  lightgbm  AUPRC 0.7088 nfeat 36
  r=0.1 seed2 aL  xgboost   AUPRC 0.6762 nfeat 36
  r=0.1 seed2 b0  lightgbm  AUPRC 0.7968 nfeat 132
  r=0.1 seed2 b0  xgboost   AUPRC 0.7969 nfeat 132
  r=0.1 seed2 b   lightgbm  AUPRC 0.7943 nfeat 136
  r=0.1 seed2 b   xgboost   AUPRC 0.7936 nfeat 136
  r=0.1 seed3 a   lightgbm  AUPRC 0.7037 nfeat 32
  r=0.1 seed3 a   xgboost   AUPRC 0.6827 nfeat 32
  r=0.1 seed3 aL  lightgbm  AUPRC 0.6966 nfeat 36
  r=0.1 seed3 aL  xgboost   AUPRC 0.6852 nfeat 36
  r=0.1 seed3 b0  lightgbm  AUPRC 0.7967 nfeat 132
  r=0.1 seed3 b0  xgboost   AUPRC 0.7863 nfeat 132
  r=0.1 seed3 b   lightgbm  AUPRC 0.7926 nfeat 136
  r=0.1 seed3 b   xgboost   AUPRC 0.7841 nfeat 136
  r=0.1 seed4 a   lightgbm  AUPRC 0.7028 nfeat 32
  r=0.1 seed4 a   xgboost   AUPRC 0.6934 nfeat 32
  r=0.1 seed4 aL  lightgbm  AUPRC 0.7107 nfeat 36
  r=0.1 seed4 aL  xgboost   AUPRC 0.6858 nfeat 36
  r=0.1 seed4 b0  lightgbm  AUPRC 0.7805 nfeat 132
  r=0.1 seed4 b0  xgboost   AUPRC 0.7781 nfeat 132
  r=0.1 seed4 b   lightgbm  AUPRC 0.7762 nfeat 136
  r=0.1 seed4 b   xgboost   AUPRC 0.7689 nfeat 136
  r=0.2 seed0 a   lightgbm  AUPRC 0.7720 nfeat 32
  r=0.2 seed0 a   xgboost   AUPRC 0.7430 nfeat 32
  r=0.2 seed0 aL  lightgbm  AUPRC 0.7693 nfeat 36
  r=0.2 seed0 aL  xgboost   AUPRC 0.7435 nfeat 36
  r=0.2 seed0 b0  lightgbm  AUPRC 0.8426 nfeat 132
  r=0.2 seed0 b0  xgboost   AUPRC 0.8329 nfeat 132
  r=0.2 seed0 b   lightgbm  AUPRC 0.8361 nfeat 136
  r=0.2 seed0 b   xgboost   AUPRC 0.8272 nfeat 136
  r=0.2 seed1 a   lightgbm  AUPRC 0.7688 nfeat 32
  r=0.2 seed1 a   xgboost   AUPRC 0.7452 nfeat 32
  r=0.2 seed1 aL  lightgbm  AUPRC 0.7659 nfeat 36
  r=0.2 seed1 aL  xgboost   AUPRC 0.7415 nfeat 36
  r=0.2 seed1 b0  lightgbm  AUPRC 0.8440 nfeat 132
  r=0.2 seed1 b0  xgboost   AUPRC 0.8302 nfeat 132
  r=0.2 seed1 b   lightgbm  AUPRC 0.8389 nfeat 136
  r=0.2 seed1 b   xgboost   AUPRC 0.8184 nfeat 136
  r=0.2 seed2 a   lightgbm  AUPRC 0.7862 nfeat 32
  r=0.2 seed2 a   xgboost   AUPRC 0.7707 nfeat 32
  r=0.2 seed2 aL  lightgbm  AUPRC 0.7885 nfeat 36
  r=0.2 seed2 aL  xgboost   AUPRC 0.7701 nfeat 36
  r=0.2 seed2 b0  lightgbm  AUPRC 0.8589 nfeat 132
  r=0.2 seed2 b0  xgboost   AUPRC 0.8537 nfeat 132
  r=0.2 seed2 b   lightgbm  AUPRC 0.8563 nfeat 136
  r=0.2 seed2 b   xgboost   AUPRC 0.8488 nfeat 136
  r=0.2 seed3 a   lightgbm  AUPRC 0.7634 nfeat 32
  r=0.2 seed3 a   xgboost   AUPRC 0.7459 nfeat 32
  r=0.2 seed3 aL  lightgbm  AUPRC 0.7641 nfeat 36
  r=0.2 seed3 aL  xgboost   AUPRC 0.7514 nfeat 36
  r=0.2 seed3 b0  lightgbm  AUPRC 0.8503 nfeat 132
  r=0.2 seed3 b0  xgboost   AUPRC 0.8380 nfeat 132
  r=0.2 seed3 b   lightgbm  AUPRC 0.8475 nfeat 136
  r=0.2 seed3 b   xgboost   AUPRC 0.8314 nfeat 136
  r=0.2 seed4 a   lightgbm  AUPRC 0.7752 nfeat 32
  r=0.2 seed4 a   xgboost   AUPRC 0.7478 nfeat 32
  r=0.2 seed4 aL  lightgbm  AUPRC 0.7825 nfeat 36
  r=0.2 seed4 aL  xgboost   AUPRC 0.7560 nfeat 36
  r=0.2 seed4 b0  lightgbm  AUPRC 0.8516 nfeat 132
  r=0.2 seed4 b0  xgboost   AUPRC 0.8442 nfeat 132
  r=0.2 seed4 b   lightgbm  AUPRC 0.8466 nfeat 136
  r=0.2 seed4 b   xgboost   AUPRC 0.8359 nfeat 136
  r=0.4 seed0 a   lightgbm  AUPRC 0.8298 nfeat 32
  r=0.4 seed0 a   xgboost   AUPRC 0.7940 nfeat 32
  r=0.4 seed0 aL  lightgbm  AUPRC 0.8259 nfeat 36
  r=0.4 seed0 aL  xgboost   AUPRC 0.7926 nfeat 36
  r=0.4 seed0 b0  lightgbm  AUPRC 0.8979 nfeat 132
  r=0.4 seed0 b0  xgboost   AUPRC 0.8834 nfeat 132
  r=0.4 seed0 b   lightgbm  AUPRC 0.8927 nfeat 136
  r=0.4 seed0 b   xgboost   AUPRC 0.8744 nfeat 136
  r=0.4 seed1 a   lightgbm  AUPRC 0.8238 nfeat 32
  r=0.4 seed1 a   xgboost   AUPRC 0.8077 nfeat 32
  r=0.4 seed1 aL  lightgbm  AUPRC 0.8250 nfeat 36
  r=0.4 seed1 aL  xgboost   AUPRC 0.7983 nfeat 36
  r=0.4 seed1 b0  lightgbm  AUPRC 0.8914 nfeat 132
  r=0.4 seed1 b0  xgboost   AUPRC 0.8713 nfeat 132
  r=0.4 seed1 b   lightgbm  AUPRC 0.8890 nfeat 136
  r=0.4 seed1 b   xgboost   AUPRC 0.8656 nfeat 136
  r=0.4 seed2 a   lightgbm  AUPRC 0.8257 nfeat 32
  r=0.4 seed2 a   xgboost   AUPRC 0.8002 nfeat 32
  r=0.4 seed2 aL  lightgbm  AUPRC 0.8252 nfeat 36
  r=0.4 seed2 aL  xgboost   AUPRC 0.8033 nfeat 36
  r=0.4 seed2 b0  lightgbm  AUPRC 0.8930 nfeat 132
  r=0.4 seed2 b0  xgboost   AUPRC 0.8765 nfeat 132
  r=0.4 seed2 b   lightgbm  AUPRC 0.8939 nfeat 136
  r=0.4 seed2 b   xgboost   AUPRC 0.8668 nfeat 136
  r=0.4 seed3 a   lightgbm  AUPRC 0.8302 nfeat 32
  r=0.4 seed3 a   xgboost   AUPRC 0.8024 nfeat 32
  r=0.4 seed3 aL  lightgbm  AUPRC 0.8227 nfeat 36
  r=0.4 seed3 aL  xgboost   AUPRC 0.7977 nfeat 36
  r=0.4 seed3 b0  lightgbm  AUPRC 0.8890 nfeat 132
  r=0.4 seed3 b0  xgboost   AUPRC 0.8788 nfeat 132
  r=0.4 seed3 b   lightgbm  AUPRC 0.8872 nfeat 136
  r=0.4 seed3 b   xgboost   AUPRC 0.8675 nfeat 136
  r=0.4 seed4 a   lightgbm  AUPRC 0.8320 nfeat 32
  r=0.4 seed4 a   xgboost   AUPRC 0.8097 nfeat 32
  r=0.4 seed4 aL  lightgbm  AUPRC 0.8376 nfeat 36
  r=0.4 seed4 aL  xgboost   AUPRC 0.8117 nfeat 36
  r=0.4 seed4 b0  lightgbm  AUPRC 0.8981 nfeat 132
  r=0.4 seed4 b0  xgboost   AUPRC 0.8848 nfeat 132
  r=0.4 seed4 b   lightgbm  AUPRC 0.8972 nfeat 136
  r=0.4 seed4 b   xgboost   AUPRC 0.8790 nfeat 136
  [imp] b lightgbm: raw 0.468 static 0.482 label 0.050
  [imp] b xgboost: raw 0.482 static 0.465 label 0.053
  [imp] b_leaky lightgbm: raw 0.435 static 0.446 label 0.120
  [imp] b_leaky xgboost: raw 0.444 static 0.427 label 0.130

== amazon: N=11944 F=25 edges=4398392 labeled=11944 fraud=821 (6.9%) evalable=8639
  r=0.05 seed0 a   lightgbm  AUPRC 0.8651 nfeat 25
  r=0.05 seed0 a   xgboost   AUPRC 0.8661 nfeat 25
  r=0.05 seed0 aL  lightgbm  AUPRC 0.8774 nfeat 29
  r=0.05 seed0 aL  xgboost   AUPRC 0.8667 nfeat 29
  r=0.05 seed0 b0  lightgbm  AUPRC 0.8477 nfeat 104
  r=0.05 seed0 b0  xgboost   AUPRC 0.8558 nfeat 104
  r=0.05 seed0 b   lightgbm  AUPRC 0.8467 nfeat 108
  r=0.05 seed0 b   xgboost   AUPRC 0.8507 nfeat 108
  r=0.05 seed1 a   lightgbm  AUPRC 0.8622 nfeat 25
  r=0.05 seed1 a   xgboost   AUPRC 0.8729 nfeat 25
  r=0.05 seed1 aL  lightgbm  AUPRC 0.8880 nfeat 29
  r=0.05 seed1 aL  xgboost   AUPRC 0.8686 nfeat 29
  r=0.05 seed1 b0  lightgbm  AUPRC 0.8867 nfeat 104
  r=0.05 seed1 b0  xgboost   AUPRC 0.8709 nfeat 104
  r=0.05 seed1 b   lightgbm  AUPRC 0.8833 nfeat 108
  r=0.05 seed1 b   xgboost   AUPRC 0.8710 nfeat 108
  r=0.05 seed2 a   lightgbm  AUPRC 0.8833 nfeat 25
  r=0.05 seed2 a   xgboost   AUPRC 0.9008 nfeat 25
  r=0.05 seed2 aL  lightgbm  AUPRC 0.8953 nfeat 29
  r=0.05 seed2 aL  xgboost   AUPRC 0.8997 nfeat 29
  r=0.05 seed2 b0  lightgbm  AUPRC 0.8916 nfeat 104
  r=0.05 seed2 b0  xgboost   AUPRC 0.9042 nfeat 104
  r=0.05 seed2 b   lightgbm  AUPRC 0.8879 nfeat 108
  r=0.05 seed2 b   xgboost   AUPRC 0.8994 nfeat 108
  r=0.05 seed3 a   lightgbm  AUPRC 0.8860 nfeat 25
  r=0.05 seed3 a   xgboost   AUPRC 0.8875 nfeat 25
  r=0.05 seed3 aL  lightgbm  AUPRC 0.8938 nfeat 29
  r=0.05 seed3 aL  xgboost   AUPRC 0.8906 nfeat 29
  r=0.05 seed3 b0  lightgbm  AUPRC 0.9011 nfeat 104
  r=0.05 seed3 b0  xgboost   AUPRC 0.9078 nfeat 104
  r=0.05 seed3 b   lightgbm  AUPRC 0.9024 nfeat 108
  r=0.05 seed3 b   xgboost   AUPRC 0.9082 nfeat 108
  r=0.05 seed4 a   lightgbm  AUPRC 0.8568 nfeat 25
  r=0.05 seed4 a   xgboost   AUPRC 0.8740 nfeat 25
  r=0.05 seed4 aL  lightgbm  AUPRC 0.8602 nfeat 29
  r=0.05 seed4 aL  xgboost   AUPRC 0.8606 nfeat 29
  r=0.05 seed4 b0  lightgbm  AUPRC 0.8753 nfeat 104
  r=0.05 seed4 b0  xgboost   AUPRC 0.8630 nfeat 104
  r=0.05 seed4 b   lightgbm  AUPRC 0.8724 nfeat 108
  r=0.05 seed4 b   xgboost   AUPRC 0.8663 nfeat 108
  r=0.1 seed0 a   lightgbm  AUPRC 0.8867 nfeat 25
  r=0.1 seed0 a   xgboost   AUPRC 0.8798 nfeat 25
  r=0.1 seed0 aL  lightgbm  AUPRC 0.8953 nfeat 29
  r=0.1 seed0 aL  xgboost   AUPRC 0.8982 nfeat 29
  r=0.1 seed0 b0  lightgbm  AUPRC 0.9017 nfeat 104
  r=0.1 seed0 b0  xgboost   AUPRC 0.8950 nfeat 104
  r=0.1 seed0 b   lightgbm  AUPRC 0.8996 nfeat 108
  r=0.1 seed0 b   xgboost   AUPRC 0.8953 nfeat 108
  r=0.1 seed1 a   lightgbm  AUPRC 0.8887 nfeat 25
  r=0.1 seed1 a   xgboost   AUPRC 0.8846 nfeat 25
  r=0.1 seed1 aL  lightgbm  AUPRC 0.9087 nfeat 29
  r=0.1 seed1 aL  xgboost   AUPRC 0.9093 nfeat 29
  r=0.1 seed1 b0  lightgbm  AUPRC 0.9000 nfeat 104
  r=0.1 seed1 b0  xgboost   AUPRC 0.8931 nfeat 104
  r=0.1 seed1 b   lightgbm  AUPRC 0.8964 nfeat 108
  r=0.1 seed1 b   xgboost   AUPRC 0.8955 nfeat 108
  r=0.1 seed2 a   lightgbm  AUPRC 0.8913 nfeat 25
  r=0.1 seed2 a   xgboost   AUPRC 0.8944 nfeat 25
  r=0.1 seed2 aL  lightgbm  AUPRC 0.9045 nfeat 29
  r=0.1 seed2 aL  xgboost   AUPRC 0.9008 nfeat 29
  r=0.1 seed2 b0  lightgbm  AUPRC 0.9111 nfeat 104
  r=0.1 seed2 b0  xgboost   AUPRC 0.9171 nfeat 104
  r=0.1 seed2 b   lightgbm  AUPRC 0.9098 nfeat 108
  r=0.1 seed2 b   xgboost   AUPRC 0.9165 nfeat 108
  r=0.1 seed3 a   lightgbm  AUPRC 0.9009 nfeat 25
  r=0.1 seed3 a   xgboost   AUPRC 0.8976 nfeat 25
  r=0.1 seed3 aL  lightgbm  AUPRC 0.9084 nfeat 29
  r=0.1 seed3 aL  xgboost   AUPRC 0.9052 nfeat 29
  r=0.1 seed3 b0  lightgbm  AUPRC 0.9097 nfeat 104
  r=0.1 seed3 b0  xgboost   AUPRC 0.9181 nfeat 104
  r=0.1 seed3 b   lightgbm  AUPRC 0.9137 nfeat 108
  r=0.1 seed3 b   xgboost   AUPRC 0.9168 nfeat 108
  r=0.1 seed4 a   lightgbm  AUPRC 0.8915 nfeat 25
  r=0.1 seed4 a   xgboost   AUPRC 0.8955 nfeat 25
  r=0.1 seed4 aL  lightgbm  AUPRC 0.9032 nfeat 29
  r=0.1 seed4 aL  xgboost   AUPRC 0.9020 nfeat 29
  r=0.1 seed4 b0  lightgbm  AUPRC 0.9002 nfeat 104
  r=0.1 seed4 b0  xgboost   AUPRC 0.9021 nfeat 104
  r=0.1 seed4 b   lightgbm  AUPRC 0.8980 nfeat 108
  r=0.1 seed4 b   xgboost   AUPRC 0.9008 nfeat 108
  r=0.2 seed0 a   lightgbm  AUPRC 0.8949 nfeat 25
  r=0.2 seed0 a   xgboost   AUPRC 0.8862 nfeat 25
  r=0.2 seed0 aL  lightgbm  AUPRC 0.9089 nfeat 29
  r=0.2 seed0 aL  xgboost   AUPRC 0.9056 nfeat 29
  r=0.2 seed0 b0  lightgbm  AUPRC 0.9231 nfeat 104
  r=0.2 seed0 b0  xgboost   AUPRC 0.9147 nfeat 104
  r=0.2 seed0 b   lightgbm  AUPRC 0.9228 nfeat 108
  r=0.2 seed0 b   xgboost   AUPRC 0.9149 nfeat 108
  r=0.2 seed1 a   lightgbm  AUPRC 0.8950 nfeat 25
  r=0.2 seed1 a   xgboost   AUPRC 0.8902 nfeat 25
  r=0.2 seed1 aL  lightgbm  AUPRC 0.9113 nfeat 29
  r=0.2 seed1 aL  xgboost   AUPRC 0.9162 nfeat 29
  r=0.2 seed1 b0  lightgbm  AUPRC 0.9140 nfeat 104
  r=0.2 seed1 b0  xgboost   AUPRC 0.9111 nfeat 104
  r=0.2 seed1 b   lightgbm  AUPRC 0.9112 nfeat 108
  r=0.2 seed1 b   xgboost   AUPRC 0.9158 nfeat 108
  r=0.2 seed2 a   lightgbm  AUPRC 0.8974 nfeat 25
  r=0.2 seed2 a   xgboost   AUPRC 0.9009 nfeat 25
  r=0.2 seed2 aL  lightgbm  AUPRC 0.9175 nfeat 29
  r=0.2 seed2 aL  xgboost   AUPRC 0.9159 nfeat 29
  r=0.2 seed2 b0  lightgbm  AUPRC 0.9219 nfeat 104
  r=0.2 seed2 b0  xgboost   AUPRC 0.9240 nfeat 104
  r=0.2 seed2 b   lightgbm  AUPRC 0.9262 nfeat 108
  r=0.2 seed2 b   xgboost   AUPRC 0.9256 nfeat 108
  r=0.2 seed3 a   lightgbm  AUPRC 0.8813 nfeat 25
  r=0.2 seed3 a   xgboost   AUPRC 0.8945 nfeat 25
  r=0.2 seed3 aL  lightgbm  AUPRC 0.9091 nfeat 29
  r=0.2 seed3 aL  xgboost   AUPRC 0.9098 nfeat 29
  r=0.2 seed3 b0  lightgbm  AUPRC 0.9061 nfeat 104
  r=0.2 seed3 b0  xgboost   AUPRC 0.9095 nfeat 104
  r=0.2 seed3 b   lightgbm  AUPRC 0.9063 nfeat 108
  r=0.2 seed3 b   xgboost   AUPRC 0.9101 nfeat 108
  r=0.2 seed4 a   lightgbm  AUPRC 0.8909 nfeat 25
  r=0.2 seed4 a   xgboost   AUPRC 0.9003 nfeat 25
  r=0.2 seed4 aL  lightgbm  AUPRC 0.9089 nfeat 29
  r=0.2 seed4 aL  xgboost   AUPRC 0.9111 nfeat 29
  r=0.2 seed4 b0  lightgbm  AUPRC 0.9134 nfeat 104
  r=0.2 seed4 b0  xgboost   AUPRC 0.9146 nfeat 104
  r=0.2 seed4 b   lightgbm  AUPRC 0.9160 nfeat 108
  r=0.2 seed4 b   xgboost   AUPRC 0.9165 nfeat 108
  r=0.4 seed0 a   lightgbm  AUPRC 0.9070 nfeat 25
  r=0.4 seed0 a   xgboost   AUPRC 0.9045 nfeat 25
  r=0.4 seed0 aL  lightgbm  AUPRC 0.9295 nfeat 29
  r=0.4 seed0 aL  xgboost   AUPRC 0.9313 nfeat 29
  r=0.4 seed0 b0  lightgbm  AUPRC 0.9335 nfeat 104
  r=0.4 seed0 b0  xgboost   AUPRC 0.9362 nfeat 104
  r=0.4 seed0 b   lightgbm  AUPRC 0.9397 nfeat 108
  r=0.4 seed0 b   xgboost   AUPRC 0.9419 nfeat 108
  r=0.4 seed1 a   lightgbm  AUPRC 0.9063 nfeat 25
  r=0.4 seed1 a   xgboost   AUPRC 0.9093 nfeat 25
  r=0.4 seed1 aL  lightgbm  AUPRC 0.9294 nfeat 29
  r=0.4 seed1 aL  xgboost   AUPRC 0.9277 nfeat 29
  r=0.4 seed1 b0  lightgbm  AUPRC 0.9325 nfeat 104
  r=0.4 seed1 b0  xgboost   AUPRC 0.9297 nfeat 104
  r=0.4 seed1 b   lightgbm  AUPRC 0.9324 nfeat 108
  r=0.4 seed1 b   xgboost   AUPRC 0.9330 nfeat 108
  r=0.4 seed2 a   lightgbm  AUPRC 0.8979 nfeat 25
  r=0.4 seed2 a   xgboost   AUPRC 0.8955 nfeat 25
  r=0.4 seed2 aL  lightgbm  AUPRC 0.9169 nfeat 29
  r=0.4 seed2 aL  xgboost   AUPRC 0.9175 nfeat 29
  r=0.4 seed2 b0  lightgbm  AUPRC 0.9273 nfeat 104
  r=0.4 seed2 b0  xgboost   AUPRC 0.9283 nfeat 104
  r=0.4 seed2 b   lightgbm  AUPRC 0.9340 nfeat 108
  r=0.4 seed2 b   xgboost   AUPRC 0.9297 nfeat 108
  r=0.4 seed3 a   lightgbm  AUPRC 0.9095 nfeat 25
  r=0.4 seed3 a   xgboost   AUPRC 0.9107 nfeat 25
  r=0.4 seed3 aL  lightgbm  AUPRC 0.9310 nfeat 29
  r=0.4 seed3 aL  xgboost   AUPRC 0.9290 nfeat 29
  r=0.4 seed3 b0  lightgbm  AUPRC 0.9324 nfeat 104
  r=0.4 seed3 b0  xgboost   AUPRC 0.9312 nfeat 104
  r=0.4 seed3 b   lightgbm  AUPRC 0.9323 nfeat 108
  r=0.4 seed3 b   xgboost   AUPRC 0.9328 nfeat 108
  r=0.4 seed4 a   lightgbm  AUPRC 0.8985 nfeat 25
  r=0.4 seed4 a   xgboost   AUPRC 0.9041 nfeat 25
  r=0.4 seed4 aL  lightgbm  AUPRC 0.9178 nfeat 29
  r=0.4 seed4 aL  xgboost   AUPRC 0.9174 nfeat 29
  r=0.4 seed4 b0  lightgbm  AUPRC 0.9254 nfeat 104
  r=0.4 seed4 b0  xgboost   AUPRC 0.9255 nfeat 104
  r=0.4 seed4 b   lightgbm  AUPRC 0.9293 nfeat 108
  r=0.4 seed4 b   xgboost   AUPRC 0.9253 nfeat 108
  [imp] b lightgbm: raw 0.764 static 0.192 label 0.044
  [imp] b xgboost: raw 0.812 static 0.145 label 0.043
  [imp] b_leaky lightgbm: raw 0.766 static 0.147 label 0.087
  [imp] b_leaky xgboost: raw 0.826 static 0.121 label 0.053

== elliptic: N=203769 F=165 edges=234355 labeled=46564 fraud=4545 (9.8%) evalable=46564
  r=-1.0 seed0 a   lightgbm  AUPRC 0.7906 nfeat 165
  r=-1.0 seed0 a   xgboost   AUPRC 0.7869 nfeat 165
  r=-1.0 seed0 aL  lightgbm  AUPRC 0.7782 nfeat 169
  r=-1.0 seed0 aL  xgboost   AUPRC 0.7789 nfeat 169
  r=-1.0 seed0 b0  lightgbm  AUPRC 0.7939 nfeat 661
  r=-1.0 seed0 b0  xgboost   AUPRC 0.7999 nfeat 661
  r=-1.0 seed0 b   lightgbm  AUPRC 0.7851 nfeat 665
  r=-1.0 seed0 b   xgboost   AUPRC 0.7890 nfeat 665
  r=-1.0 seed1 a   lightgbm  AUPRC 0.7906 nfeat 165
  r=-1.0 seed1 a   xgboost   AUPRC 0.7869 nfeat 165
  r=-1.0 seed1 aL  lightgbm  AUPRC 0.7782 nfeat 169
  r=-1.0 seed1 aL  xgboost   AUPRC 0.7789 nfeat 169
  r=-1.0 seed1 b0  lightgbm  AUPRC 0.7939 nfeat 661
  r=-1.0 seed1 b0  xgboost   AUPRC 0.7999 nfeat 661
  r=-1.0 seed1 b   lightgbm  AUPRC 0.7851 nfeat 665
  r=-1.0 seed1 b   xgboost   AUPRC 0.7890 nfeat 665
  r=-1.0 seed2 a   lightgbm  AUPRC 0.7906 nfeat 165
  r=-1.0 seed2 a   xgboost   AUPRC 0.7869 nfeat 165
  r=-1.0 seed2 aL  lightgbm  AUPRC 0.7782 nfeat 169
  r=-1.0 seed2 aL  xgboost   AUPRC 0.7789 nfeat 169
  r=-1.0 seed2 b0  lightgbm  AUPRC 0.7939 nfeat 661
  r=-1.0 seed2 b0  xgboost   AUPRC 0.7999 nfeat 661
  r=-1.0 seed2 b   lightgbm  AUPRC 0.7851 nfeat 665
  r=-1.0 seed2 b   xgboost   AUPRC 0.7890 nfeat 665
  r=-1.0 seed3 a   lightgbm  AUPRC 0.7906 nfeat 165
  r=-1.0 seed3 a   xgboost   AUPRC 0.7869 nfeat 165
  r=-1.0 seed3 aL  lightgbm  AUPRC 0.7782 nfeat 169
  r=-1.0 seed3 aL  xgboost   AUPRC 0.7789 nfeat 169
  r=-1.0 seed3 b0  lightgbm  AUPRC 0.7939 nfeat 661
  r=-1.0 seed3 b0  xgboost   AUPRC 0.7999 nfeat 661
  r=-1.0 seed3 b   lightgbm  AUPRC 0.7851 nfeat 665
  r=-1.0 seed3 b   xgboost   AUPRC 0.7890 nfeat 665
  r=-1.0 seed4 a   lightgbm  AUPRC 0.7906 nfeat 165
  r=-1.0 seed4 a   xgboost   AUPRC 0.7869 nfeat 165
  r=-1.0 seed4 aL  lightgbm  AUPRC 0.7782 nfeat 169
  r=-1.0 seed4 aL  xgboost   AUPRC 0.7789 nfeat 169
  r=-1.0 seed4 b0  lightgbm  AUPRC 0.7939 nfeat 661
  r=-1.0 seed4 b0  xgboost   AUPRC 0.7999 nfeat 661
  r=-1.0 seed4 b   lightgbm  AUPRC 0.7851 nfeat 665
  r=-1.0 seed4 b   xgboost   AUPRC 0.7890 nfeat 665
  [imp] b lightgbm: raw 0.675 static 0.073 label 0.252
  [imp] b xgboost: raw 0.442 static 0.052 label 0.505
  [imp] b_leaky lightgbm: raw 0.033 static 0.024 label 0.943
  [imp] b_leaky xgboost: raw 0.043 static 0.017 label 0.940

DONE
